// Jest Snapshot v1, https://goo.gl/fbAQLP

exports[`Component | Tracks should render a component 1`] = `
<div>
  <Title>
    Top Tracks
  </Title>
  <styled.div>
    <Track
      key="0"
      name="song name"
      previewUrl="path/to/preview/url"
      releaseDate="1988"
    />
  </styled.div>
  <Button
    onClick={[Function]}
  >
    view more tracks
  </Button>
  <PopUpTopTracks
    isOpen={false}
    togglePopUp={[Function]}
    tracks={
      Array [
        Object {
          "album": Object {
            "release_date": "1988",
          },
          "is_playable": true,
          "name": "song name",
          "preview_url": "path/to/preview/url",
        },
      ]
    }
  />
</div>
`;
