// Jest Snapshot v1, https://goo.gl/fbAQLP

exports[`Component | Albums should render a component 1`] = `
<div>
  <Title>
    Albums
  </Title>
  <styled.div>
    <Album
      cover="path/to/image.jpg"
      id="123abc"
      key="0"
      numberTracks={11}
      releaseDate="11/11/2019"
      title="album name"
    />
  </styled.div>
  <Button
    onClick={[Function]}
  >
    view more albums
  </Button>
  <PopUpAlbums
    albums={
      Array [
        Object {
          "id": "123abc",
          "images": Array [
            Object {
              "height": 300,
              "url": "path/to/image.jpg",
            },
          ],
          "name": "album name",
          "release_date": "11/11/2019",
          "total_tracks": 11,
        },
      ]
    }
    className="albums-list-popup"
    isOpen={false}
    togglePopUp={[Function]}
  />
</div>
`;
