// Jest Snapshot v1, https://goo.gl/fbAQLP

exports[`Component | BannerWrapper should render a component 1`] = `
<Fragment>
  <img
    alt="artist name"
    height="120"
    src="path/to/photo.jpg"
    width="120"
  />
  <div>
    <h1>
      artist name
    </h1>
    <ul>
      <li
        key="0"
      >
        pop
         
        <span>
          -
        </span>
      </li>
      <li
        key="1"
      >
        rock
         
      </li>
    </ul>
  </div>
</Fragment>
`;
