// Jest Snapshot v1, https://goo.gl/fbAQLP

exports[`Component | BannerWrapper should render a component 1`] = `
<styled.div>
  <BannerWrapper
    genres={
      Array [
        "hip pop",
        "neo soul",
        "pop",
        "r&b",
        "urban contemporary",
      ]
    }
    name="Alicia Keys"
    photo="https://i.scdn.co/image/05e25d030a1caa1611b1e7248d89b557d9867258"
  />
</styled.div>
`;
