// Jest Snapshot v1, https://goo.gl/fbAQLP

exports[`Component | PopUp should not render because isOpen is false by default 1`] = `""`;

exports[`Component | PopUp should render a PopUp 1`] = `
<Fragment>
  <SideEffect(BodyClassName)
    className="fixed"
  />
  <styled.div
    width="500px"
  >
    <p>
      PopUp!!
    </p>
  </styled.div>
</Fragment>
`;
