// Jest Snapshot v1, https://goo.gl/fbAQLP

exports[`Component | StyledPopUp should render a styled component 1`] = `
<StyledComponent
  forwardedComponent={
    Object {
      "$$typeof": Symbol(react.forward_ref),
      "attrs": Array [],
      "componentStyle": ComponentStyle {
        "componentId": "sc-bdVaJa",
        "isStatic": false,
        "rules": Array [
          "
  background-color: white;
  height: 100vh;
  top: 0;
  overflow: auto;
  padding: 20px;
  position: absolute;
  right: 0;
  width: ",
          [Function],
          ";
  z-index: 5;
  @media only screen and (max-width: ",
          [Function],
          ") {
    width: 100%;
  }
",
        ],
      },
      "defaultProps": Object {
        "width": "500px",
      },
      "displayName": "styled.div",
      "foldedComponentIds": Array [],
      "propTypes": Object {
        "width": [Function],
      },
      "render": [Function],
      "styledComponentId": "sc-bdVaJa",
      "target": "div",
      "toString": [Function],
      "warnTooManyClasses": [Function],
      "withComponent": [Function],
    }
  }
  forwardedRef={null}
  width="500px"
/>
`;
