// Jest Snapshot v1, https://goo.gl/fbAQLP

exports[`Component | PopUpTopTracks should render a component 1`] = `
<OnClickOutside(PopUpContainer)
  eventTypes={
    Array [
      "mousedown",
      "touchstart",
    ]
  }
  excludeScrollbar={false}
  isOpen={true}
  outsideClickIgnoreClass="ignore-react-onclickoutside"
  preventDefault={false}
  stopPropagation={false}
  togglePopUp={[MockFunction]}
>
  <Title
    color="#262D45"
    insidePopUp={true}
  >
    Top Tracks
  </Title>
  <styled.div>
    <Track
      duration={354320}
      isPopUpVersion={true}
      key="123asd"
      name="song name"
      previewUrl="path/to/preview/url"
      songIsAvailable={true}
    />
  </styled.div>
</OnClickOutside(PopUpContainer)>
`;
