// Jest Snapshot v1, https://goo.gl/fbAQLP

exports[`Component | PopUpAlbums should render a component 1`] = `
<OnClickOutside(PopUpContainer)
  eventTypes={
    Array [
      "mousedown",
      "touchstart",
    ]
  }
  excludeScrollbar={false}
  isOpen={true}
  outsideClickIgnoreClass="ignore-react-onclickoutside"
  preventDefault={false}
  stopPropagation={false}
  togglePopUp={[MockFunction]}
>
  <Title
    color="#262D45"
    insidePopUp={true}
  >
    Albums
  </Title>
  <styled.div
    inPopup={true}
  >
    <Album
      cover="path/to/image.jpg"
      id="123abc"
      key="0"
      numberTracks={11}
      releaseDate="11/11/2019"
      title="album name"
    />
  </styled.div>
</OnClickOutside(PopUpContainer)>
`;
