// Jest Snapshot v1, https://goo.gl/fbAQLP

exports[`Component | PopUpAlbum should render a component 1`] = `
<OnClickOutside(PopUpContainer)
  eventTypes={
    Array [
      "mousedown",
      "touchstart",
    ]
  }
  excludeScrollbar={false}
  outsideClickIgnoreClass="ignore-react-onclickoutside"
  preventDefault={false}
  stopPropagation={false}
  togglePopUp={[MockFunction]}
>
  <styled.div>
    <img
      alt="album title"
      height="300"
      src="placeholderAlbum.svg"
      width="300"
    />
    <h3>
      album title
    </h3>
    <p>
      Total tracks: 
      10
    </p>
    <p>
      Release date: 
      2016-04-07
    </p>
  </styled.div>
  <styled.div>
    <Track
      duration="3 min"
      isPopUpVersion={true}
      name="Empire State of Mind"
      previewUrl="https://p.scdn.co/mp3-preview/d7624ec5f93b6d92c1836a95c40ecce463584f6e?cid=774b29d4f13844c495f206cafdad9c86"
      songIsAvailable={true}
    />
    <Track
      duration="4 min"
      isPopUpVersion={true}
      name="No one"
      previewUrl="https://p.scdn.co/mp3-preview/d7624ec5f93b6d92c1836a95c40ecce463584f6e?cid=774b29d4f13844c495f206cafdad9c86"
      songIsAvailable={true}
    />
    <Track
      duration="3:23 min"
      isPopUpVersion={true}
      name="Girl of Fire"
      previewUrl="https://p.scdn.co/mp3-preview/d7624ec5f93b6d92c1836a95c40ecce463584f6e?cid=774b29d4f13844c495f206cafdad9c86"
      songIsAvailable={true}
    />
    <Track
      duration="5:42 min"
      isPopUpVersion={true}
      name="Fallin'"
      previewUrl="https://p.scdn.co/mp3-preview/d7624ec5f93b6d92c1836a95c40ecce463584f6e?cid=774b29d4f13844c495f206cafdad9c86"
      songIsAvailable={true}
    />
    <Track
      duration="3:23 min"
      isPopUpVersion={true}
      name="Girl of Fire"
      previewUrl="https://p.scdn.co/mp3-preview/d7624ec5f93b6d92c1836a95c40ecce463584f6e?cid=774b29d4f13844c495f206cafdad9c86"
      songIsAvailable={true}
    />
    <Track
      duration="5:42 min"
      isPopUpVersion={true}
      name="Fallin'"
      previewUrl="https://p.scdn.co/mp3-preview/d7624ec5f93b6d92c1836a95c40ecce463584f6e?cid=774b29d4f13844c495f206cafdad9c86"
      songIsAvailable={true}
    />
  </styled.div>
</OnClickOutside(PopUpContainer)>
`;
