// Jest Snapshot v1, https://goo.gl/fbAQLP

exports[`Component | PopUpAlbum should render a component 1`] = `
<OnClickOutside(PopUpContainer)
  eventTypes={
    Array [
      "mousedown",
      "touchstart",
    ]
  }
  excludeScrollbar={false}
  isOpen={true}
  outsideClickIgnoreClass="ignore-react-onclickoutside"
  preventDefault={false}
  stopPropagation={false}
  togglePopUp={[Function]}
>
  <styled.div>
    <img
      alt="album title"
      height="300"
      src="path/to/image.png"
      width="300"
    />
    <h3>
      album title
    </h3>
    <p>
      Total tracks: 
      10
    </p>
    <p>
      Release date: 
      2016-04-07
    </p>
  </styled.div>
  <styled.div>
    <Track
      duration={163133}
      isPopUpVersion={true}
      key="123"
      name="name track"
      previewUrl="preview/to/url"
      songIsAvailable={true}
    />
  </styled.div>
</OnClickOutside(PopUpContainer)>
`;
