// Jest Snapshot v1, https://goo.gl/fbAQLP

exports[`Component | SearchPage should render a component 1`] = `
<Fragment>
  <styled.div>
    <ReactComponent />
    <OnClickOutside(SearchFormContainer)
      eventTypes={
        Array [
          "mousedown",
          "touchstart",
        ]
      }
      excludeScrollbar={false}
      outsideClickIgnoreClass="ignore-react-onclickoutside"
      preventDefault={false}
      stopPropagation={false}
    />
  </styled.div>
  <Styled(ReactComponent) />
</Fragment>
`;
