// Jest Snapshot v1, https://goo.gl/fbAQLP

exports[`Component | StyledWaveSearchIcon should render a styled component 1`] = `
<StyledComponent
  forwardedComponent={
    Object {
      "$$typeof": Symbol(react.forward_ref),
      "attrs": Array [],
      "componentStyle": ComponentStyle {
        "componentId": "sc-bdVaJa",
        "isStatic": false,
        "rules": Array [
          "
  height: 60px;
  position: relative;
  top: -2px;
  width: 100%;
  @media only screen and (max-width: ",
          [Function],
          ") {
    height: 40px;
  }
",
        ],
      },
      "displayName": "Styled(ReactComponent)",
      "foldedComponentIds": Array [],
      "render": [Function],
      "styledComponentId": "sc-bdVaJa",
      "target": [Function],
      "toString": [Function],
      "warnTooManyClasses": [Function],
      "withComponent": [Function],
      Symbol(Symbol.hasInstance): [Function],
    }
  }
  forwardedRef={null}
/>
`;
