// Jest Snapshot v1, https://goo.gl/fbAQLP

exports[`Component | SearchFormContainer should render a component 1`] = `
<SearchForm
  closeSuggestions={[Function]}
  isOpen={false}
  loading={false}
  onChange={[Function]}
  openSuggestions={[Function]}
  placeholder="search an artist..."
  suggestions={Array []}
/>
`;
