// Jest Snapshot v1, https://goo.gl/fbAQLP

exports[`Component | StyledInput should render a styled component 1`] = `
<StyledComponent
  forwardedComponent={
    Object {
      "$$typeof": Symbol(react.forward_ref),
      "attrs": Array [],
      "componentStyle": ComponentStyle {
        "componentId": "sc-bdVaJa",
        "isStatic": false,
        "rules": Array [
          "
  appearance: none;
  border: 0;
  border-radius: ",
          [Function],
          ";
  padding: 20px;
  &:focus {
    outline: 0;
  }
",
        ],
      },
      "displayName": "styled.input",
      "foldedComponentIds": Array [],
      "propTypes": Object {
        "isOpen": [Function],
      },
      "render": [Function],
      "styledComponentId": "sc-bdVaJa",
      "target": "input",
      "toString": [Function],
      "warnTooManyClasses": [Function],
      "withComponent": [Function],
    }
  }
  forwardedRef={null}
/>
`;
