// Jest Snapshot v1, https://goo.gl/fbAQLP

exports[`Component | StyledMessage should render a styled component 1`] = `
<StyledComponent
  forwardedComponent={
    Object {
      "$$typeof": Symbol(react.forward_ref),
      "attrs": Array [],
      "componentStyle": ComponentStyle {
        "componentId": "sc-bdVaJa",
        "isStatic": false,
        "rules": Array [
          "
  background-color: ",
          [Function],
          ";
  border-radius: 4px;
  color: ",
          [Function],
          ";
  font-size: 1rem;
  font-weight: 600;
  right: 14px;
  top: 16px;
  padding: 8px;
  position: absolute;
",
        ],
      },
      "displayName": "styled.div",
      "foldedComponentIds": Array [],
      "render": [Function],
      "styledComponentId": "sc-bdVaJa",
      "target": "div",
      "toString": [Function],
      "warnTooManyClasses": [Function],
      "withComponent": [Function],
    }
  }
  forwardedRef={null}
/>
`;
