// Jest Snapshot v1, https://goo.gl/fbAQLP

exports[`Component | SuggestionsList should render a component 1`] = `
<styled.ul>
  <li
    key="1"
  >
    <Link
      onClick={[MockFunction]}
      replace={false}
      to={
        Object {
          "pathname": "/artist/Alicia-Keys/1",
          "search": "?#access_token=access_token123123",
        }
      }
    >
      <img
        alt="Alicia Keys"
        height="40"
        src="placeholderArtist.svg"
        width="40"
      />
      Alicia Keys
    </Link>
  </li>
  <li
    key="2"
  >
    <Link
      onClick={[MockFunction]}
      replace={false}
      to={
        Object {
          "pathname": "/artist/Queen/2",
          "search": "?#access_token=access_token123123",
        }
      }
    >
      <img
        alt="Queen"
        height="40"
        src="placeholderArtist.svg"
        width="40"
      />
      Queen
    </Link>
  </li>
  <li
    key="3"
  >
    <Link
      onClick={[MockFunction]}
      replace={false}
      to={
        Object {
          "pathname": "/artist/John-Mayer/3",
          "search": "?#access_token=access_token123123",
        }
      }
    >
      <img
        alt="John Mayer"
        height="40"
        src="placeholderArtist.svg"
        width="40"
      />
      John Mayer
    </Link>
  </li>
  <li
    key="4"
  >
    <Link
      onClick={[MockFunction]}
      replace={false}
      to={
        Object {
          "pathname": "/artist/ACDC/4",
          "search": "?#access_token=access_token123123",
        }
      }
    >
      <img
        alt="ACDC"
        height="40"
        src="placeholderArtist.svg"
        width="40"
      />
      ACDC
    </Link>
  </li>
  <li
    key="5"
  >
    <Link
      onClick={[MockFunction]}
      replace={false}
      to={
        Object {
          "pathname": "/artist/Blink-182/5",
          "search": "?#access_token=access_token123123",
        }
      }
    >
      <img
        alt="Blink 182"
        height="40"
        src="placeholderArtist.svg"
        width="40"
      />
      Blink 182
    </Link>
  </li>
  <li
    key="6"
  >
    <Link
      onClick={[MockFunction]}
      replace={false}
      to={
        Object {
          "pathname": "/artist/Bon-Jovi/6",
          "search": "?#access_token=access_token123123",
        }
      }
    >
      <img
        alt="Bon Jovi"
        height="40"
        src="placeholderArtist.svg"
        width="40"
      />
      Bon Jovi
    </Link>
  </li>
  <li
    key="7"
  >
    <Link
      onClick={[MockFunction]}
      replace={false}
      to={
        Object {
          "pathname": "/artist/2pac/7",
          "search": "?#access_token=access_token123123",
        }
      }
    >
      <img
        alt="2pac"
        height="40"
        src="placeholderArtist.svg"
        width="40"
      />
      2pac
    </Link>
  </li>
</styled.ul>
`;

exports[`Component | SuggestionsList should render null because isOpen is false 1`] = `""`;

exports[`Component | SuggestionsList should render null because numberOfArtists is 0 1`] = `""`;
