// Jest Snapshot v1, https://goo.gl/fbAQLP

exports[`Component | RelatedArtists should render a component 1`] = `
<styled.div>
  <Component>
    <Title
      color="#262D45"
    >
      Related Artists
    </Title>
    <styled.div>
      <Connect(Artist)
        id="123"
        key="0"
        name="artist name"
        photo="path/to/photo"
      />
    </styled.div>
    <Button
      bg="#262D45"
      onClick={[Function]}
      textColor="white"
    >
      view related artists
    </Button>
    <PopUpRelatedArtists
      isOpen={false}
      relatedArtists={
        Array [
          Object {
            "id": "123",
            "images": Array [
              Object {
                "height": 200,
                "url": "path/to/photo",
              },
            ],
            "name": "artist name",
          },
        ]
      }
      togglePopUp={[Function]}
    />
  </Component>
</styled.div>
`;
