// Jest Snapshot v1, https://goo.gl/fbAQLP

exports[`Component | StyledWrapperRelatedArtists should render a styled component 1`] = `
<StyledComponent
  forwardedComponent={
    Object {
      "$$typeof": Symbol(react.forward_ref),
      "attrs": Array [],
      "componentStyle": ComponentStyle {
        "componentId": "sc-bdVaJa",
        "isStatic": false,
        "rules": Array [
          "
  display: grid;
  grid-template-columns: ",
          [Function],
          ";
  grid-gap: 30px;
  margin: 0 0 20px;
  @media only screen and (max-width: ",
          [Function],
          ") {
    grid-template-columns: 1fr 1fr;
  }
  @media only screen and (max-width: ",
          [Function],
          ") {
    grid-template-columns: 1fr;
  }
",
        ],
      },
      "displayName": "styled.div",
      "foldedComponentIds": Array [],
      "propTypes": Object {
        "inPopup": [Function],
      },
      "render": [Function],
      "styledComponentId": "sc-bdVaJa",
      "target": "div",
      "toString": [Function],
      "warnTooManyClasses": [Function],
      "withComponent": [Function],
    }
  }
  forwardedRef={null}
/>
`;
