// Jest Snapshot v1, https://goo.gl/fbAQLP

exports[`Component | PopUpRelatedArtists should render a component 1`] = `
<OnClickOutside(PopUpContainer)
  eventTypes={
    Array [
      "mousedown",
      "touchstart",
    ]
  }
  excludeScrollbar={false}
  isOpen={true}
  outsideClickIgnoreClass="ignore-react-onclickoutside"
  preventDefault={false}
  stopPropagation={false}
  togglePopUp={[MockFunction]}
>
  <Title
    color="#262D45"
    insidePopUp={true}
  >
    Related Artists
  </Title>
  <styled.div
    inPopup={true}
    onClick={[MockFunction]}
  >
    <Connect(Artist)
      id="123"
      key="0"
      name="artist name"
      photo="path/to/photo"
    />
  </styled.div>
</OnClickOutside(PopUpContainer)>
`;
